     1: /*****************************************************************************************//**
     2: * # PhilRobotics | Philippine Electronics and Robotics Enthusiasts Club #
     3: * http://philrobotics.com | http://philrobotics.com/forum | http://facebook.com/philrobotics
     4: * phirobotics.core@philrobotics.com
     5: *
     6: *---------------------------------------------------------------------------------------------
     7: * |Filename:      | "corelib_dac.c"                             |
     8: * |:----          |:----                                        |
     9: * |Description:   | This is a library for using the DAC functions |
    10: * |Revision:      | v00.01.00                                   |
    11: * |Author:        | Efren S. Cruzat II                          |
    12: * |               |                                             |
    13: * |Dependencies:  |                                             |
    14: *
    15: * > This program is free software: you can redistribute it and/or modify
    16: * > it under the terms of the GNU General Public License as published by
    17: * > the Free Software Foundation, either version 3 of the License, or
    18: * > (at your option) any later version.
    19: * > This program is distributed in the hope that it will be useful,
    20: * > but WITHOUT ANY WARRANTY; without even the implied warranty of
    21: * > MERCHANTABILITY or FITNESS FOR A PARTICULAR PURPOSE.  See the
    22: * > GNU General Public License for more details.
    23: * > <BR><BR>
    24: * > You should have received a copy of the GNU General Public License
    25: * > along with this program. If not, see http://www.gnu.org/licenses/
    26: * <BR>
    27: *---------------------------------------------------------------------------------------------
    28: * |FW Version   |Date       |Author             |Description                |
    29: * |:----        |:----      |:----              |:----                      |
    30: * |v00.00.01    |20130205   |ESCII              |Library Initial Release    |
    31: * |v00.01.00    |20130514   |ESCII              |Code Formatted             |
    32: *********************************************************************************************/
    33: #define __SHOW_MODULE_HEADER__ /*!< \brief This section includes the Module Header on the documentation */
    34: #undef  __SHOW_MODULE_HEADER__
    35: 
    36: #include "corelib_dac.h"
    37: 
    38: /* Local Constants */
    39: /* none */
    40: 
    41: /* Local Variables */
    42: /* none */
    43: 
    44: /* Private Function Prototypes */
    45: /* none */
    46: 
    47: /* Public Functions */
    48: /*******************************************************************************//**
    49: * \brief Set DAC value
    50: *
    51: * > This function is called for setting the DAC value.
    52: * > The DAC value can be set between 0 to 1023.
    53: *
    54: * > <BR>
    55: * > **Syntax:**<BR>
    56: * >      setDAC(module, value)
    57: * > <BR><BR>
    58: * > **Parameters:**<BR>
    59: * >     module - DAC module assignment, DAC0, DAC1                          <BR>
    60: * >     value - a value between 0 to 1023
    61: * > <BR><BR>
    62: * > **Returns:**<BR>
    63: * >     none
    64: * > <BR><BR>
    65: ***********************************************************************************/
    66: void setDAC(uint8_t ui8DAC_Module, uint16_t ui16Value)
    67: {
    68:     uint16_t ui16DutyCycle;
    69: #ifdef S_SPLINT_S /* Suppress SPLint Unrecognized ID Errors */
    70: #define uint24_t uint32_t       // esc.comment: use with caution
    71: #endif
    72:     /* 0 - 1023 : 0 - 1000  */
    73:     ui16DutyCycle = (uint16_t)(((uint24_t)976 * ui16Value) / 1000);
    74:     setupPWM(ui8DAC_Module, K_DAC_DEFAULT_FREQ, ui16DutyCycle);
    75: }
    76: 
    77: /*******************************************************************************//**
    78: * \brief Remove the DAC module
    79: *
    80: * > This function is called for disabling the DAC module
    81: *
    82: * > <BR>
    83: * > **Syntax:**<BR>
    84: * >      removeDAC(module)
    85: * > <BR><BR>
    86: * > **Parameters:**<BR>
    87: * >     module - PWM module assignment, DAC0, DAC1
    88: * > <BR><BR>
    89: * > **Returns:**<BR>
    90: * >     none
    91: * > <BR><BR>
    92: ***********************************************************************************/
    93: void removeDAC(uint8_t ui8DAC_Module)
    94: {
    95:     removePWM(ui8DAC_Module);
    96: }
    97: 
    98: /* Private Functions */
    99: /* none */
   100: 
   101: /* end of corelib_dac.c */
   102: //--------------------------------------------------------------------------------------------------------------------------------------------------------------------------
